[central] adapter = /org/bluez/hci0
[central] 清掉缓存记录 'PhyWear' @ /org/bluez/hci0/dev_5A_58_62_96_E7_57（随机地址可能已变）
[central] 开始扫描，找名字含 'PhyWear' 的设备 ……
[central] 找到：'PhyWear' @ /org/bluez/hci0/dev_5A_58_62_96_E7_57（UUID 命中=True）
[central] PASS  扫描到 PhyWear  /org/bluez/hci0/dev_5A_58_62_96_E7_57
[central] 发起连接（第 1 次）……
[central] 已连接且服务已解析（5A:58:62:96:E7:57）
[central] PASS  连接成功且服务已解析  
[central] PASS  找到服务 e0f1a000-…  /org/bluez/hci0/dev_5A_58_62_96_E7_57/service000e
[central] PASS  找到 sensor 特征 …a001  
[central] PASS  找到 cmd 特征 …a002  
[central] PASS  读 …a001 得到 16 B  16 B
[central] PASS  解出加速度且 |a| 合理(300~3000mg)  ax=-22 ay=42 az=-1015 mg |a|=1016 mg
[central] PASS  Notify 收到 >= 2 个包  收到 2 个，首个 efff26000cfc3f0035ff620000000100
[central] PASS  写 …a002 'ping' 成功  

判定    检查项                        说明
------------------------------------------------------------------------------
PASS  扫描到 PhyWear                /org/bluez/hci0/dev_5A_58_62_96_E7_57
PASS  连接成功且服务已解析                 
PASS  找到服务 e0f1a000-…            /org/bluez/hci0/dev_5A_58_62_96_E7_57/service000e
PASS  找到 sensor 特征 …a001         
PASS  找到 cmd 特征 …a002            
PASS  读 …a001 得到 16 B            16 B
PASS  解出加速度且 |a| 合理(300~3000mg)  ax=-22 ay=42 az=-1015 mg |a|=1016 mg
PASS  Notify 收到 >= 2 个包          收到 2 个，首个 efff26000cfc3f0035ff620000000100
PASS  写 …a002 'ping' 成功          
------------------------------------------------------------------------------
结论：✅ 宿主侧 BLE 中心设备全过（B3 设备侧 + 空口均成立）
