[central] adapter = /org/bluez/hci0
[central] PASS  找到蓝牙适配器  /org/bluez/hci0
[central] 清掉缓存记录 'PhyWear' @ /org/bluez/hci0/dev_5A_58_62_96_E7_57（随机地址可能已变）
[central] 开始扫描，找名字含 'PhyWear' 的设备 ……
[central] 找到：'PhyWear' @ /org/bluez/hci0/dev_5A_58_62_96_E7_57（UUID 命中=True）
[central] PASS  扫描到 PhyWear  /org/bluez/hci0/dev_5A_58_62_96_E7_57
[central] 发起连接（第 1 次）……
[central] 已连接且服务已解析（5A:58:62:96:E7:57）
[central] PASS  连接成功且服务已解析  
[central] PASS  找到服务 e0f1a000-…  /org/bluez/hci0/dev_5A_58_62_96_E7_57/service000e
[central] PASS  找到 sensor 特征 …a001  
[central] PASS  找到 cmd 特征 …a002  
[central] PASS  读 …a001 得到 16 B  16 B
[central] PASS  解出加速度且 |a| 合理(300~3000mg)  ax=489 ay=-154 az=-865 mg |a|=1006 mg
[central] PASS  Notify 收到 >= 2 个包  收到 2 个，首个 e40166ffa4fc540019ff850000000100
[central] PASS  写 …a002 'ping' 成功  
[central] PASS  找到 text 特征 …a003  
[central] PASS  读 …a003 得到状态串  PhyWear bt conn=1 sub=0 rx=1 tx=0 echo=0 mtu=23
[central] PASS  写文本后收到设备 echo（双向连通）  写 'hello-1789726510' → 收到 ['echo: hello-1789726510']
[central] PASS  echo 内容与所写一致  echo: hello-1789726510
[central] 已主动断开（手表回到可被发现）
[central] PASS  测完主动断开（手表回到可被发现）  

判定    检查项                        说明
------------------------------------------------------------------------------
PASS  找到蓝牙适配器                    /org/bluez/hci0
PASS  扫描到 PhyWear                /org/bluez/hci0/dev_5A_58_62_96_E7_57
PASS  连接成功且服务已解析                 
PASS  找到服务 e0f1a000-…            /org/bluez/hci0/dev_5A_58_62_96_E7_57/service000e
PASS  找到 sensor 特征 …a001         
PASS  找到 cmd 特征 …a002            
PASS  读 …a001 得到 16 B            16 B
PASS  解出加速度且 |a| 合理(300~3000mg)  ax=489 ay=-154 az=-865 mg |a|=1006 mg
PASS  Notify 收到 >= 2 个包          收到 2 个，首个 e40166ffa4fc540019ff850000000100
PASS  写 …a002 'ping' 成功          
PASS  找到 text 特征 …a003           
PASS  读 …a003 得到状态串              PhyWear bt conn=1 sub=0 rx=1 tx=0 echo=0 mtu=23
PASS  写文本后收到设备 echo（双向连通）        写 'hello-1789726510' → 收到 ['echo: hello-1789726510']
PASS  echo 内容与所写一致               echo: hello-1789726510
PASS  测完主动断开（手表回到可被发现）           
------------------------------------------------------------------------------
结论：✅ 宿主侧 BLE 中心设备全过（B3 设备侧 + 空口均成立）
